// Jest Snapshot v1, https://goo.gl/fbAQLP

exports[`renders correctly 1`] = `
<div>
  <div
    bar="zaz"
    class="page-breadcrumb"
  >
    <img
      alt="icone"
      src="/static/page-feather.png"
    />
    <span>
      Foo
    </span>
  </div>
</div>
`;
